# Admin
apirone/language/en-gb/admin.php admin/language/en-gb/extension/payment/apirone_mccp.php
apirone/model/admin/before_v4/apirone_mccp.php admin/model/extension/payment/apirone_mccp.php
apirone/controller/admin/before_v4/apirone_mccp.php admin/controller/extension/payment/apirone_mccp.php
apirone/view/template/admin/v3 admin/view/template/extension/payment/apirone
vendor/apirone/apirone-sdk-php/src/assets/img admin/view/image/payment/apirone

# Catalog
apirone/language/en-gb/catalog.php catalog/language/en-gb/extension/payment/apirone_mccp.php
apirone/model/catalog/before_v4/apirone_mccp.php catalog/model/extension/payment/apirone_mccp.php
apirone/controller/catalog/before_v4/apirone_mccp.php catalog/controller/extension/payment/apirone_mccp.php
apirone/view/template/catalog/v3 catalog/view/theme/default/template/extension/payment/apirone
apirone/assets/coins.min.css catalog/view/theme/default/stylesheet/apirone/coins.min.css

# Currency images & Invoice app
vendor/apirone/apirone-sdk-php/src/assets/img catalog/view/theme/default/image/apirone
vendor/apirone/apirone-sdk-php/src/assets/script.min.js catalog/view/javascript/apirone/script.min.js
vendor/apirone/apirone-sdk-php/src/assets/style.min.css catalog/view/theme/default/stylesheet/apirone/style.min.css

#Common definitions
apirone/apirone_mccp.php system/library/apirone/apirone_mccp.php

#Common model classes
apirone/model/common/common_before_v4.php system/library/apirone/model/common.php
apirone/model/common/apirone_mccp.php system/library/apirone/model/apirone_mccp.php

apirone/model/admin/apirone_mccp.php system/library/apirone/model/admin/apirone_mccp.php
apirone/model/catalog/apirone_mccp.php system/library/apirone/model/catalog/apirone_mccp.php

#Common controller classes
apirone/controller/common/common_before_v4.php system/library/apirone/controller/common.php
apirone/controller/common/apirone_mccp.php system/library/apirone/controller/apirone_mccp.php

apirone/controller/admin/apirone_mccp.php system/library/apirone/controller/admin/apirone_mccp.php
apirone/controller/catalog/apirone_mccp.php system/library/apirone/controller/catalog/apirone_mccp.php

#Libs
vendor system/library/apirone/vendor
